// Jest Snapshot v1, https://goo.gl/fbAQLP

<Memo(SecuritySolutionPageWrapperComponent)>
  <LandingCards />
</Memo(SecuritySolutionPageWrapperComponent)>
